Archive member included to satisfy reference by file (symbol)

../../../../../../../Downloads/capi324v22x-v2.06.000R\libcapi324v22x.a(ADC_open.o)
                              main.o (ADC_open)
../../../../../../../Downloads/capi324v22x-v2.06.000R\libcapi324v22x.a(ADC_sample.o)
                              main.o (ADC_sample)
../../../../../../../Downloads/capi324v22x-v2.06.000R\libcapi324v22x.a(ADC_set_VREF.o)
                              main.o (ADC_set_VREF)
../../../../../../../Downloads/capi324v22x-v2.06.000R\libcapi324v22x.a(ADC_set_channel.o)
                              main.o (ADC_set_channel)
../../../../../../../Downloads/capi324v22x-v2.06.000R\libcapi324v22x.a(__ADC_init.o)
                              ../../../../../../../Downloads/capi324v22x-v2.06.000R\libcapi324v22x.a(ADC_open.o) (__ADC_init)
../../../../../../../Downloads/capi324v22x-v2.06.000R\libcapi324v22x.a(CBOT_main.o)
                              C:/Program Files (x86)/Atmel/Studio/7.0/Packs/atmel/ATmega_DFP/1.3.300/gcc/dev/atmega324p/avr5/crtatmega324p.o (main)
../../../../../../../Downloads/capi324v22x-v2.06.000R\libcapi324v22x.a(LCD_clear.o)
                              main.o (LCD_clear)
../../../../../../../Downloads/capi324v22x-v2.06.000R\libcapi324v22x.a(LCD_open.o)
                              main.o (LCD_open)
../../../../../../../Downloads/capi324v22x-v2.06.000R\libcapi324v22x.a(LCD_set_PGC_addr.o)
                              ../../../../../../../Downloads/capi324v22x-v2.06.000R\libcapi324v22x.a(LCD_clear.o) (LCD_set_PGC_addr)
../../../../../../../Downloads/capi324v22x-v2.06.000R\libcapi324v22x.a(LCD_set_RC.o)
                              main.o (LCD_set_RC)
../../../../../../../Downloads/capi324v22x-v2.06.000R\libcapi324v22x.a(LCD_set_backlight.o)
                              ../../../../../../../Downloads/capi324v22x-v2.06.000R\libcapi324v22x.a(LCD_open.o) (LCD_set_backlight)
../../../../../../../Downloads/capi324v22x-v2.06.000R\libcapi324v22x.a(LCD_set_next_PGC.o)
                              ../../../../../../../Downloads/capi324v22x-v2.06.000R\libcapi324v22x.a(LCD_clear.o) (LCD_set_next_PGC)
../../../../../../../Downloads/capi324v22x-v2.06.000R\libcapi324v22x.a(LCD_write.o)
                              ../../../../../../../Downloads/capi324v22x-v2.06.000R\libcapi324v22x.a(LCD_clear.o) (LCD_write)
../../../../../../../Downloads/capi324v22x-v2.06.000R\libcapi324v22x.a(__LCD_init.o)
                              ../../../../../../../Downloads/capi324v22x-v2.06.000R\libcapi324v22x.a(LCD_open.o) (__LCD_init)
../../../../../../../Downloads/capi324v22x-v2.06.000R\libcapi324v22x.a(LED_open.o)
                              main.o (LED_open)
../../../../../../../Downloads/capi324v22x-v2.06.000R\libcapi324v22x.a(LED_tog_pattern.o)
                              main.o (LED_tog_pattern)
../../../../../../../Downloads/capi324v22x-v2.06.000R\libcapi324v22x.a(__LED_init.o)
                              ../../../../../../../Downloads/capi324v22x-v2.06.000R\libcapi324v22x.a(LED_open.o) (__LED_init)
../../../../../../../Downloads/capi324v22x-v2.06.000R\libcapi324v22x.a(__LED_tog_pattern.o)
                              ../../../../../../../Downloads/capi324v22x-v2.06.000R\libcapi324v22x.a(LED_tog_pattern.o) (__LED_tog_pattern)
../../../../../../../Downloads/capi324v22x-v2.06.000R\libcapi324v22x.a(SPI_open.o)
                              ../../../../../../../Downloads/capi324v22x-v2.06.000R\libcapi324v22x.a(LCD_open.o) (SPI_open)
../../../../../../../Downloads/capi324v22x-v2.06.000R\libcapi324v22x.a(SPI_set_config_func.o)
                              ../../../../../../../Downloads/capi324v22x-v2.06.000R\libcapi324v22x.a(SPI_open.o) (SPI_set_config_func)
../../../../../../../Downloads/capi324v22x-v2.06.000R\libcapi324v22x.a(SPI_set_slave_addr.o)
                              ../../../../../../../Downloads/capi324v22x-v2.06.000R\libcapi324v22x.a(LCD_set_backlight.o) (SPI_set_slave_addr)
../../../../../../../Downloads/capi324v22x-v2.06.000R\libcapi324v22x.a(SPI_transmit.o)
                              ../../../../../../../Downloads/capi324v22x-v2.06.000R\libcapi324v22x.a(LCD_set_backlight.o) (SPI_transmit)
../../../../../../../Downloads/capi324v22x-v2.06.000R\libcapi324v22x.a(__SPI_init.o)
                              ../../../../../../../Downloads/capi324v22x-v2.06.000R\libcapi324v22x.a(SPI_open.o) (__SPI_init)
../../../../../../../Downloads/capi324v22x-v2.06.000R\libcapi324v22x.a(STEPPER_open.o)
                              main.o (STEPPER_open)
../../../../../../../Downloads/capi324v22x-v2.06.000R\libcapi324v22x.a(STEPPER_runn.o)
                              main.o (STEPPER_runn)
../../../../../../../Downloads/capi324v22x-v2.06.000R\libcapi324v22x.a(STEPPER_set_accel2.o)
                              main.o (STEPPER_set_accel2)
../../../../../../../Downloads/capi324v22x-v2.06.000R\libcapi324v22x.a(__STEPPER_init.o)
[...]
Memory Configuration

Name             Origin             Length             Attributes
text             0x00000000         0x00020000         xr
data             0x00800060         0x0000ffa0         rw !x
eeprom           0x00810000         0x00010000         rw !x
fuse             0x00820000         0x00000003         rw !x
lock             0x00830000         0x00000400         rw !x
signature        0x00840000         0x00000400         rw !x
user_signatures  0x00850000         0x00000400         rw !x
*default*        0x00000000         0xffffffff

Linker script and memory map

Address of section .data set to 0x800100
LOAD C:/Program Files (x86)/Atmel/Studio/7.0/Packs/atmel/ATmega_DFP/1.3.300/gcc/dev/atmega324p/avr5/crtatmega324p.o
LOAD main.o
START GROUP
LOAD ../../../../../../../Downloads/capi324v22x-v2.06.000R\libcapi324v22x.a
LOAD c:/program files (x86)/atmel/studio/7.0/toolchain/avr8/avr8-gnu-toolchain/bin/../lib/gcc/avr/5.4.0/../../../../avr/lib/avr5\libprintf_flt.a
LOAD c:/program files (x86)/atmel/studio/7.0/toolchain/avr8/avr8-gnu-toolchain/bin/../lib/gcc/avr/5.4.0/../../../../avr/lib/avr5\libm.a
END GROUP
START GROUP
LOAD c:/program files (x86)/atmel/studio/7.0/toolchain/avr8/avr8-gnu-toolchain/bin/../lib/gcc/avr/5.4.0/avr5\libgcc.a
LOAD c:/program files (x86)/atmel/studio/7.0/toolchain/avr8/avr8-gnu-toolchain/bin/../lib/gcc/avr/5.4.0/../../../../avr/lib/avr5\libm.a
LOAD c:/program files (x86)/atmel/studio/7.0/toolchain/avr8/avr8-gnu-toolchain/bin/../lib/gcc/avr/5.4.0/../../../../avr/lib/avr5\libc.a
LOAD C:/Program Files (x86)/Atmel/Studio/7.0/Packs/atmel/ATmega_DFP/1.3.300/gcc/dev/atmega324p/avr5\libatmega324p.a
END GROUP
                0x00000000                __TEXT_REGION_ORIGIN__ = DEFINED (__TEXT_REGION_ORIGIN__)?__TEXT_REGION_ORIGIN__:0x0
                0x00800060                __DATA_REGION_ORIGIN__ = DEFINED (__DATA_REGION_ORIGIN__)?__DATA_REGION_ORIGIN__:0x800060
                0x00020000                __TEXT_REGION_LENGTH__ = DEFINED (__TEXT_REGION_LENGTH__)?__TEXT_REGION_LENGTH__:0x20000
                0x0000ffa0                __DATA_REGION_LENGTH__ = DEFINED (__DATA_REGION_LENGTH__)?__DATA_REGION_LENGTH__:0xffa0
                0x00010000                __EEPROM_REGION_LENGTH__ = DEFINED (__EEPROM_REGION_LENGTH__)?__EEPROM_REGION_LENGTH__:0x10000
                [0x00000003]                __FUSE_REGION_LENGTH__ = DEFINED (__FUSE_REGION_LENGTH__)?__FUSE_REGION_LENGTH__:0x400
                0x00000400                __LOCK_REGION_LENGTH__ = DEFINED (__LOCK_REGION_LENGTH__)?__LOCK_REGION_LENGTH__:0x400
                0x00000400                __SIGNATURE_REGION_LENGTH__ = DEFINED (__SIGNATURE_REGION_LENGTH__)?__SIGNATURE_REGION_LENGTH__:0x400
                0x00000400                __USER_SIGNATURE_REGION_LENGTH__ = DEFINED (__USER_SIGNATURE_REGION_LENGTH__)?__USER_SIGNATURE_REGION_LENGTH__:0x400

.hash
 *(.hash)

.dynsym
 *(.dynsym)

.dynstr
 *(.dynstr)

.gnu.version
 *(.gnu.version)

.gnu.version_d
 *(.gnu.version_d)

.gnu.version_r
 *(.gnu.version_r)

.rel.init
 *(.rel.init)

.rela.init
 *(.rela.init)

.rel.text
 *(.rel.text)
 *(.rel.text.*)
 *(.rel.gnu.linkonce.t*)

.rela.text
 *(.rela.text)
 *(.rela.text.*)
 *(.rela.gnu.linkonce.t*)

.rel.fini
 *(.rel.fini)

.rela.fini
 *(.rela.fini)

.rel.rodata
 *(.rel.rodata)
 *(.rel.rodata.*)
 *(.rel.gnu.linkonce.r*)

.rela.rodata
 *(.rela.rodata)
 *(.rela.rodata.*)
 *(.rela.gnu.linkonce.r*)

.rel.data
 *(.rel.data)
 *(.rel.data.*)
 *(.rel.gnu.linkonce.d*)

.rela.data
 *(.rela.data)
 *(.rela.data.*)
 *(.rela.gnu.linkonce.d*)

.rel.ctors
 *(.rel.ctors)

.rela.ctors
 *(.rela.ctors)

.rel.dtors
 *(.rel.dtors)

.rela.dtors
 *(.rela.dtors)

.rel.got
 *(.rel.got)

.rela.got
 *(.rela.got)

.rel.bss
 *(.rel.bss)

.rela.bss
 *(.rela.bss)

.rel.plt
 *(.rel.plt)

.rela.plt
 *(.rela.plt)

.text           0x00000000     0x3fd6
 *(.vectors)
 .vectors       0x00000000       0x7c C:/Program Files (x86)/Atmel/Studio/7.0/Packs/atmel/ATmega_DFP/1.3.300/gcc/dev/atmega324p/avr5/crtatmega324p.o
                0x00000000                __vector_default
                0x00000000                __vectors
 *(.vectors)
 *(.progmem.gcc*)
 .progmem.gcc_fplib
                0x0000007c       0x28 c:/program files (x86)/atmel/studio/7.0/toolchain/avr8/avr8-gnu-toolchain/bin/../lib/gcc/avr/5.4.0/../../../../avr/lib/avr5\libm.a(exp.o)
 .progmem.gcc_fplib
                0x000000a4       0x5a c:/program files (x86)/atmel/studio/7.0/toolchain/avr8/avr8-gnu-toolchain/bin/../lib/gcc/avr/5.4.0/../../../../avr/lib/avr5\libm.a(log.o)
                0x000000fe                . = ALIGN (0x2)
                0x000000fe                __trampolines_start = .
 *(.trampolines)
 .trampolines   0x000000fe        0x0 linker stubs
 *(.trampolines*)
                0x000000fe                __trampolines_end = .
 *libprintf_flt.a:*(.progmem.data)
 .progmem.data  0x000000fe        0x8 c:/program files (x86)/atmel/studio/7.0/toolchain/avr8/avr8-gnu-toolchain/bin/../lib/gcc/avr/5.4.0/../../../../avr/lib/avr5\libprintf_flt.a(vfprintf_flt.o)
 *libc.a:*(.progmem.data)
 .progmem.data  0x00000106       0xfa c:/program files (x86)/atmel/studio/7.0/toolchain/avr8/avr8-gnu-toolchain/bin/../lib/gcc/avr/5.4.0/../../../../avr/lib/avr5\libc.a(ftoa_engine.o)
 *(.progmem*)
 .progmem.data  0x00000200      0x415 ../../../../../../../Downloads/capi324v22x-v2.06.000R\libcapi324v22x.a(LCD_globals.o)
                0x00000200                char_bitmap
                0x00000415                CEENBoT_Inc_logo_bitmap
                0x00000616                . = ALIGN (0x2)
 *fill*         0x00000615        0x1 
 *(.jumptables)
 *(.jumptables*)
 *(.lowtext)
 *(.lowtext*)
                0x00000616                __ctors_start = .
 *(.ctors)
                0x00000616                __ctors_end = .
                0x00000616                __dtors_start = .
 *(.dtors)
                0x00000616                __dtors_end = .
 SORT(*)(.ctors)
 SORT(*)(.dtors)
 *(.init0)
 .init0         0x00000616        0x0 C:/Program Files (x86)/Atmel/Studio/7.0/Packs/atmel/ATmega_DFP/1.3.300/gcc/dev/atmega324p/avr5/crtatmega324p.o
                0x00000616                __init
 *(.init0)
 *(.init1)
 *(.init1)
 *(.init2)
 .init2         0x00000616        0xc C:/Program Files (x86)/Atmel/Studio/7.0/Packs/atmel/ATmega_DFP/1.3.300/gcc/dev/atmega324p/avr5/crtatmega324p.o
 *(.init2)
 *(.init3)
 *(.init3)
 *(.init4)
 .init4         0x00000622       0x16 c:/program files (x86)/atmel/studio/7.0/toolchain/avr8/avr8-gnu-toolchain/bin/../lib/gcc/avr/5.4.0/avr5\libgcc.a(_copy_data.o)
                0x00000622                __do_copy_data
 .init4         0x00000638       0x10 c:/program files (x86)/atmel/studio/7.0/toolchain/avr8/avr8-gnu-toolchain/bin/../lib/gcc/avr/5.4.0/avr5\libgcc.a(_clear_bss.o)
                0x00000638                __do_clear_bss
 *(.init4)
 *(.init5)
 *(.init5)
 *(.init6)
 *(.init6)
 *(.init7)
 *(.init7)
 *(.init8)
 *(.init8)
 *(.init9)
 .init9         0x00000648        0x8 C:/Program Files (x86)/Atmel/Studio/7.0/Packs/atmel/ATmega_DFP/1.3.300/gcc/dev/atmega324p/avr5/crtatmega324p.o
 *(.init9)
 *(.text)
 .text          0x00000650        0x4 C:/Program Files (x86)/Atmel/Studio/7.0/Packs/atmel/ATmega_DFP/1.3.300/gcc/dev/atmega324p/avr5/crtatmega324p.o
                0x00000650                __vector_22
                0x00000650                __vector_28
                0x00000650                __vector_1
                0x00000650                __vector_24
                0x00000650                __bad_interrupt
                0x00000650                __vector_3
                0x00000650                __vector_23
                0x00000650                __vector_30
                0x00000650                __vector_25
                0x00000650                __vector_19
                0x00000650                __vector_27
                0x00000650                __vector_2
                0x00000650                __vector_21
                0x00000650                __vector_29
                0x00000650                __vector_8
                0x00000650                __vector_26
                0x00000650                __vector_20
 .text          0x00000654      0x5cc main.o
                0x00000654                info_display
                0x0000069a                compare_actions
                0x000006f4                LINE_sense
                0x000007a0                PID
                0x0000087e                LINE_Follow
                0x00000b5a                act
                0x00000b9a                CBOT_main
 .text          0x00000c20       0x16 ../../../../../../../Downloads/capi324v22x-v2.06.000R\libcapi324v22x.a(ADC_open.o)
                0x00000c20                ADC_open
 .text          0x00000c36       0x3a ../../../../../../../Downloads/capi324v22x-v2.06.000R\libcapi324v22x.a(ADC_sample.o)
                0x00000c36                ADC_sample
 .text          0x00000c70       0x16 ../../../../../../../Downloads/capi324v22x-v2.06.000R\libcapi324v22x.a(ADC_set_VREF.o)
                0x00000c70                ADC_set_VREF
 .text          0x00000c86       0x6e ../../../../../../../Downloads/capi324v22x-v2.06.000R\libcapi324v22x.a(ADC_set_channel.o)
                0x00000c86                ADC_set_channel
 .text          0x00000cf4       0x16 ../../../../../../../Downloads/capi324v22x-v2.06.000R\libcapi324v22x.a(__ADC_init.o)
                0x00000cf4                __ADC_init
 .text          0x00000d0a       0x12 ../../../../../../../Downloads/capi324v22x-v2.06.000R\libcapi324v22x.a(CBOT_main.o)
                0x00000d0a                main
 .text          0x00000d1c       0x44 ../../../../../../../Downloads/capi324v22x-v2.06.000R\libcapi324v22x.a(LCD_clear.o)
                0x00000d1c                LCD_clear
 .text          0x00000d60      0x10c ../../../../../../../Downloads/capi324v22x-v2.06.000R\libcapi324v22x.a(LCD_open.o)
                0x00000d60                LCD_open
 .text          0x00000e6c       0x44 ../../../../../../../Downloads/capi324v22x-v2.06.000R\libcapi324v22x.a(LCD_set_PGC_addr.o)
                0x00000e6c                LCD_set_PGC_addr
 .text          0x00000eb0       0x2e ../../../../../../../Downloads/capi324v22x-v2.06.000R\libcapi324v22x.a(LCD_set_RC.o)
                0x00000eb0                LCD_set_RC
 .text          0x00000ede       0x42 ../../../../../../../Downloads/capi324v22x-v2.06.000R\libcapi324v22x.a(LCD_set_backlight.o)
                0x00000ede                LCD_set_backlight
 .text          0x00000f20       0x24 ../../../../../../../Downloads/capi324v22x-v2.06.000R\libcapi324v22x.a(LCD_set_next_PGC.o)
                0x00000f20                LCD_set_next_PGC
 .text          0x00000f44       0x36 ../../../../../../../Downloads/capi324v22x-v2.06.000R\libcapi324v22x.a(LCD_write.o)
                0x00000f44                LCD_write
 .text          0x00000f7a        0x4 ../../../../../../../Downloads/capi324v22x-v2.06.000R\libcapi324v22x.a(__LCD_init.o)
                0x00000f7a                __LCD_init
 .text          0x00000f7e       0x16 ../../../../../../../Downloads/capi324v22x-v2.06.000R\libcapi324v22x.a(LED_open.o)
                0x00000f7e                LED_open
 .text          0x00000f94       0x18 ../../../../../../../Downloads/capi324v22x-v2.06.000R\libcapi324v22x.a(LED_tog_pattern.o)
                0x00000f94                LED_tog_pattern
 .text          0x00000fac       0x12 ../../../../../../../Downloads/capi324v22x-v2.06.000R\libcapi324v22x.a(__LED_init.o)
                0x00000fac                __LED_init
 .text          0x00000fbe       0x1c ../../../../../../../Downloads/capi324v22x-v2.06.000R\libcapi324v22x.a(__LED_tog_pattern.o)
                0x00000fbe                __LED_tog_pattern
 .text          0x00000fda       0x72 ../../../../../../../Downloads/capi324v22x-v2.06.000R\libcapi324v22x.a(SPI_open.o)
                0x00000fda                SPI_open
 .text          0x0000104c       0x12 ../../../../../../../Downloads/capi324v22x-v2.06.000R\libcapi324v22x.a(SPI_set_config_func.o)
                0x0000104c                SPI_set_config_func
 .text          0x0000105e       0xa2 ../../../../../../../Downloads/capi324v22x-v2.06.000R\libcapi324v22x.a(SPI_set_slave_addr.o)
                0x0000105e                SPI_set_slave_addr
 .text          0x00001100       0x1e ../../../../../../../Downloads/capi324v22x-v2.06.000R\libcapi324v22x.a(SPI_transmit.o)
                0x00001100                SPI_transmit
 .text          0x0000111e        0xe ../../../../../../../Downloads/capi324v22x-v2.06.000R\libcapi324v22x.a(__SPI_init.o)
                0x0000111e                __SPI_init
 .text          0x0000112c       0xea ../../../../../../../Downloads/capi324v22x-v2.06.000R\libcapi324v22x.a(STEPPER_open.o)
                0x0000112c                STEPPER_open
 .text          0x00001216       0x82 ../../../../../../../Downloads/capi324v22x-v2.06.000R\libcapi324v22x.a(STEPPER_runn.o)
                0x00001216                STEPPER_runn
 .text          0x00001298       0x3c ../../../../../../../Downloads/capi324v22x-v2.06.000R\libcapi324v22x.a(STEPPER_set_accel2.o)
                0x00001298                STEPPER_set_accel2
 .text          0x000012d4       0x14 ../../../../../../../Downloads/capi324v22x-v2.06.000R\libcapi324v22x.a(__STEPPER_init.o)
                0x000012d4                __STEPPER_init
 .text          0x000012e8       0x20 ../../../../../../../Downloads/capi324v22x-v2.06.000R\libcapi324v22x.a(SYS_decrement_refcount.o)
                0x000012e8                SYS_decrement_refcount
 .text          0x00001308       0x1a ../../../../../../../Downloads/capi324v22x-v2.06.000R\libcapi324v22x.a(SYS_increment_refcount.o)
                0x00001308                SYS_increment_refcount
 .text          0x00001322       0x18 ../../../../../../../Downloads/capi324v22x-v2.06.000R\libcapi324v22x.a(SYS_isOpen.o)
                0x00001322                SYS_isOpen
 .text          0x0000133a       0x48 ../../../../../../../Downloads/capi324v22x-v2.06.000R\libcapi324v22x.a(ATTINY_open.o)
                0x0000133a                ATTINY_open
 .text          0x00001382       0x82 ../../../../../../../Downloads/capi324v22x-v2.06.000R\libcapi324v22x.a(__ATTINY_initialize_params.o)
                0x00001382                __ATTINY_initialize_params
 .text          0x00001404       0x5a ../../../../../../../Downloads/capi324v22x-v2.06.000R\libcapi324v22x.a(TMRSRVC_delay.o)
                0x00001404                TMRSRVC_delay
 .text          0x0000145e       0x7c ../../../../../../../Downloads/capi324v22x-v2.06.000R\libcapi324v22x.a(TMRSRVC_new.o)
                0x0000145e                TMRSRVC_new
 .text          0x000014da       0xd2 ../../../../../../../Downloads/capi324v22x-v2.06.000R\libcapi324v22x.a(__TMRSRVC_insert.o)
                0x000014da                TMRSRVC_insert
 .text          0x000015ac       0x1c ../../../../../../../Downloads/capi324v22x-v2.06.000R\libcapi324v22x.a(CBOT_init.o)
                0x000015ac                CBOT_init
 .text          0x000015c8      0x480 ../../../../../../../Downloads/capi324v22x-v2.06.000R\libcapi324v22x.a(CBOT_isr.o)
                0x000015c8                CBOT_ISR_init
                0x000015cc                __vector_16
                0x0000161e                __vector_17
                0x00001670                __vector_18
                0x000016c2                __vector_9
                0x00001714                __vector_10
                0x00001766                __vector_11
                0x000017b8                __vector_13
                0x0000180a                __vector_14
                0x0000185c                __vector_12
                0x000018ae                __vector_15
                0x00001900                __vector_4
                0x00001952                __vector_5
                0x000019a4                __vector_6
                0x000019f6                __vector_7
 .text          0x00001a48       0x22 ../../../../../../../Downloads/capi324v22x-v2.06.000R\libcapi324v22x.a(ISR_open.o)
                0x00001a48                ISR_open
 .text          0x00001a6a      0x15a ../../../../../../../Downloads/capi324v22x-v2.06.000R\libcapi324v22x.a(__LCD_putchar.o)
                0x00001a6a                __LCD_putchar
 .text          0x00001bc4       0x18 ../../../../../../../Downloads/capi324v22x-v2.06.000R\libcapi324v22x.a(LED_clr_pattern.o)
                0x00001bc4                LED_clr_pattern
 .text          0x00001bdc        0xa ../../../../../../../Downloads/capi324v22x-v2.06.000R\libcapi324v22x.a(__LED_clr_pattern.o)
                0x00001bdc                __LED_clr_pattern
 .text          0x00001be6       0x10 ../../../../../../../Downloads/capi324v22x-v2.06.000R\libcapi324v22x.a(ATMEGA_open.o)
                0x00001be6                ATMEGA_open
 .text          0x00001bf6       0xa6 ../../../../../../../Downloads/capi324v22x-v2.06.000R\libcapi324v22x.a(ATMEGA_set_clk_mode.o)
                0x00001bf6                ATMEGA_set_clk_mode
 .text          0x00001c9c        0x6 ../../../../../../../Downloads/capi324v22x-v2.06.000R\libcapi324v22x.a(__ATMEGA_init.o)
                0x00001c9c                __ATMEGA_init
 .text          0x00001ca2       0x52 ../../../../../../../Downloads/capi324v22x-v2.06.000R\libcapi324v22x.a(SPI_cfgrs.o)
                0x00001ca2                SPI_default_config
                0x00001cb2                SPI_ATtiny0_config
                0x00001cc2                SPI_PSXC_config
                0x00001cd2                SPI_LCD_config
                0x00001ce2                SPI_FLASH_config
 .text          0x00001cf4       0x64 ../../../../../../../Downloads/capi324v22x-v2.06.000R\libcapi324v22x.a(SPKR_close.o)
                0x00001cf4                __SPKR_close_beep_mode
                0x00001d0a                __SPKR_close_tone_mode
                0x00001d44                SPKR_close
 .text          0x00001d58      0x136 ../../../../../../../Downloads/capi324v22x-v2.06.000R\libcapi324v22x.a(SPKR_open.o)
                0x00001d58                __SPKR_set_up_freq_LUT
                0x00001df6                __SPKR_open_beep_mode
                0x00001e1a                __SPKR_open_tone_mode
                0x00001e76                SPKR_open
 .text          0x00001e8e       0xac ../../../../../../../Downloads/capi324v22x-v2.06.000R\libcapi324v22x.a(SPKR_play_beep.o)
                0x00001e8e                SPKR_play_beep
 .text          0x00001f3a       0x38 ../../../../../../../Downloads/capi324v22x-v2.06.000R\libcapi324v22x.a(__SPKR_close.o)
                0x00001f3a                __SPKR_close
 .text          0x00001f72       0x54 ../../../../../../../Downloads/capi324v22x-v2.06.000R\libcapi324v22x.a(__SPKR_init.o)
                0x00001f72                __SPKR_init
 .text          0x00001fc6        0xc ../../../../../../../Downloads/capi324v22x-v2.06.000R\libcapi324v22x.a(__SPKR_stop.o)
                0x00001fc6                __SPKR_stop
 .text          0x00001fd2       0x1e ../../../../../../../Downloads/capi324v22x-v2.06.000R\libcapi324v22x.a(SYS_init.o)
                0x00001fd2                SYS_init
 .text          0x00001ff0       0x10 ../../../../../../../Downloads/capi324v22x-v2.06.000R\libcapi324v22x.a(SYS_set_refcount.o)
                0x00001ff0                SYS_set_refcount
 .text          0x00002000       0x7a ../../../../../../../Downloads/capi324v22x-v2.06.000R\libcapi324v22x.a(ATTINY_get_firm_rev.o)
                0x00002000                ATTINY_get_firm_rev
 .text          0x0000207a       0x38 ../../../../../../../Downloads/capi324v22x-v2.06.000R\libcapi324v22x.a(TMRSRVC_open.o)
                0x0000207a                TMRSRVC_open
 .text          0x000020b2        0x8 ../../../../../../../Downloads/capi324v22x-v2.06.000R\libcapi324v22x.a(TMRSRVC_start.o)
                0x000020b2                TMRSRVC_start
 .text          0x000020ba       0x12 ../../../../../../../Downloads/capi324v22x-v2.06.000R\libcapi324v22x.a(__TMRSRVC_init.o)
                0x000020ba                __TMRSRVC_init
 .text          0x000020cc        0xc ../../../../../../../Downloads/capi324v22x-v2.06.000R\libcapi324v22x.a(__TMRSRVC_start.o)
                0x000020cc                __TMRSRVC_start
 .text          0x000020d8       0x28 ../../../../../../../Downloads/capi324v22x-v2.06.000R\libcapi324v22x.a(ISR_attach.o)
                0x000020d8                ISR_attach
 .text          0x00002100       0x22 ../../../../../../../Downloads/capi324v22x-v2.06.000R\libcapi324v22x.a(__ISR_attach.o)
                0x00002100                __ISR_attach
 .text          0x00002122       0x20 ../../../../../../../Downloads/capi324v22x-v2.06.000R\libcapi324v22x.a(SPI_receive.o)
                0x00002122                SPI_receive
 .text          0x00002142        0x6 ../../../../../../../Downloads/capi324v22x-v2.06.000R\libcapi324v22x.a(ISR__SPKR__TIMER1_COMPA_vect.o)
                0x00002142                __SPKR_TIMER1_COMPA_vect
 .text          0x00002148       0x48 ../../../../../../../Downloads/capi324v22x-v2.06.000R\libcapi324v22x.a(SPKR_beep.o)
                0x00002148                SPKR_beep
 .text          0x00002190       0x82 ../../../../../../../Downloads/capi324v22x-v2.06.000R\libcapi324v22x.a(SPKR_clk.o)
                0x00002190                SPKR_clk
 .text          0x00002212        0xe ../../../../../../../Downloads/capi324v22x-v2.06.000R\libcapi324v22x.a(ISR__TIMER0_COMPA_vect.o)
                0x00002212                __TIMER0_COMPA_vect
 .text          0x00002220       0x32 ../../../../../../../Downloads/capi324v22x-v2.06.000R\libcapi324v22x.a(TMRSRVC_tick.o)
                0x00002220                TMRSRVC_tick
 .text          0x00002252       0x4e ../../../../../../../Downloads/capi324v22x-v2.06.000R\libcapi324v22x.a(SPKR_beep_clk.o)
                0x00002252                SPKR_beep_clk
 .text          0x000022a0      0x162 ../../../../../../../Downloads/capi324v22x-v2.06.000R\libcapi324v22x.a(STEPPER_clk.o)
                0x000022a0                STEPPER_clk
 .text          0x00002402       0x8a ../../../../../../../Downloads/capi324v22x-v2.06.000R\libcapi324v22x.a(STEPPER_process_accel.o)
                0x00002402                STEPPER_process_accel
 .text          0x0000248c      0x206 ../../../../../../../Downloads/capi324v22x-v2.06.000R\libcapi324v22x.a(STEPPER_process_run_mode.o)
                0x0000248c                STEPPER_process_run_mode
 .text          0x00002692       0xa8 ../../../../../../../Downloads/capi324v22x-v2.06.000R\libcapi324v22x.a(STEPPER_process_step_mode.o)
                0x00002692                STEPPER_process_step_mode
 .text          0x0000273a       0x5a ../../../../../../../Downloads/capi324v22x-v2.06.000R\libcapi324v22x.a(STEPPER_set_speed.o)
                0x0000273a                STEPPER_set_speed
 .text          0x00002794       0x4a ../../../../../../../Downloads/capi324v22x-v2.06.000R\libcapi324v22x.a(STEPPER_stop.o)
                0x00002794                STEPPER_stop
 .text          0x000027de       0xd6 ../../../../../../../Downloads/capi324v22x-v2.06.000R\libcapi324v22x.a(TMRSRVC_process.o)
                0x000027de                TMRSRVC_process
 .text          0x000028b4        0x6 ../../../../../../../Downloads/capi324v22x-v2.06.000R\libcapi324v22x.a(TMRSRVC_stop.o)
                0x000028b4                TMRSRVC_stop
 .text          0x000028ba      0x130 ../../../../../../../Downloads/capi324v22x-v2.06.000R\libcapi324v22x.a(STEPPER_process_pwm.o)
                0x000028ba                STEPPER_process_pwm
 .text          0x000029ea       0x36 ../../../../../../../Downloads/capi324v22x-v2.06.000R\libcapi324v22x.a(STEPPER_set_steps.o)
                0x000029ea                STEPPER_set_steps
                0x00002a20                . = ALIGN (0x2)
 *(.text.*)
 .text.avr-libc
                0x00002a20      0x6fa c:/program files (x86)/atmel/studio/7.0/toolchain/avr8/avr8-gnu-toolchain/bin/../lib/gcc/avr/5.4.0/../../../../avr/lib/avr5\libprintf_flt.a(vfprintf_flt.o)
                0x00002a20                vfprintf
 .text.avr-libc.fplib
                0x0000311a        0xe c:/program files (x86)/atmel/studio/7.0/toolchain/avr8/avr8-gnu-toolchain/bin/../lib/gcc/avr/5.4.0/../../../../avr/lib/avr5\libm.a(addsf3.o)
                0x0000311a                __subsf3
                0x0000311c                __addsf3
 .text.avr-libc.fplib
                0x00003128       0xcc c:/program files (x86)/atmel/studio/7.0/toolchain/avr8/avr8-gnu-toolchain/bin/../lib/gcc/avr/5.4.0/../../../../avr/lib/avr5\libm.a(addsf3x.o)
                0x0000314a                __addsf3x
 .text.avr-libc.fplib
                0x000031f4        0xa c:/program files (x86)/atmel/studio/7.0/toolchain/avr8/avr8-gnu-toolchain/bin/../lib/gcc/avr/5.4.0/../../../../avr/lib/avr5\libm.a(cmpsf2.o)
                0x000031f4                __nesf2
                0x000031f4                __eqsf2
                0x000031f4                __cmpsf2
                0x000031f4                __ltsf2
                0x000031f4                __lesf2
 .text.avr-libc.fplib
                0x000031fe        0x8 c:/program files (x86)/atmel/studio/7.0/toolchain/avr8/avr8-gnu-toolchain/bin/../lib/gcc/avr/5.4.0/../../../../avr/lib/avr5\libm.a(divsf3.o)
                0x000031fe                __divsf3
 .text.avr-libc.fplib
                0x00003206       0xdc c:/program files (x86)/atmel/studio/7.0/toolchain/avr8/avr8-gnu-toolchain/bin/../lib/gcc/avr/5.4.0/../../../../avr/lib/avr5\libm.a(divsf3x.o)
                0x00003226                __divsf3x
                0x0000322c                __divsf3_pse
 .text.avr-libc.fplib
                0x000032e2        0xe c:/program files (x86)/atmel/studio/7.0/toolchain/avr8/avr8-gnu-toolchain/bin/../lib/gcc/avr/5.4.0/../../../../avr/lib/avr5\libm.a(fixsfsi.o)
                0x000032e2                __fixsfsi
 .text.avr-libc.fplib
                0x000032f0       0x5e c:/program files (x86)/atmel/studio/7.0/toolchain/avr8/avr8-gnu-toolchain/bin/../lib/gcc/avr/5.4.0/../../../../avr/lib/avr5\libm.a(fixunssfsi.o)
                0x000032f0                __fixunssfsi
 .text.avr-libc.fplib
                0x0000334e       0x7a c:/program files (x86)/atmel/studio/7.0/toolchain/avr8/avr8-gnu-toolchain/bin/../lib/gcc/avr/5.4.0/../../../../avr/lib/avr5\libm.a(floatsisf.o)
                0x0000334e                __floatunsisf
                0x00003352                __floatsisf
 .text.avr-libc.fplib
                0x000033c8       0x48 c:/program files (x86)/atmel/studio/7.0/toolchain/avr8/avr8-gnu-toolchain/bin/../lib/gcc/avr/5.4.0/../../../../avr/lib/avr5\libm.a(fp_cmp.o)
                0x000033c8                __fp_cmp
 .text.avr-libc.fplib
                0x00003410        0xc c:/program files (x86)/atmel/studio/7.0/toolchain/avr8/avr8-gnu-toolchain/bin/../lib/gcc/avr/5.4.0/../../../../avr/lib/avr5\libm.a(fp_inf.o)
                0x00003410                __fp_inf
 .text.avr-libc.fplib
                0x0000341c        0x6 c:/program files (x86)/atmel/studio/7.0/toolchain/avr8/avr8-gnu-toolchain/bin/../lib/gcc/avr/5.4.0/../../../../avr/lib/avr5\libm.a(fp_nan.o)
                0x0000341c                __fp_nan
 .text.avr-libc.fplib
                0x00003422        0xe c:/program files (x86)/atmel/studio/7.0/toolchain/avr8/avr8-gnu-toolchain/bin/../lib/gcc/avr/5.4.0/../../../../avr/lib/avr5\libm.a(fp_pscA.o)
                0x00003422                __fp_pscA
 .text.avr-libc.fplib
                0x00003430        0xe c:/program files (x86)/atmel/studio/7.0/toolchain/avr8/avr8-gnu-toolchain/bin/../lib/gcc/avr/5.4.0/../../../../avr/lib/avr5\libm.a(fp_pscB.o)
                0x00003430                __fp_pscB
 .text.avr-libc.fplib
                0x0000343e       0x22 c:/program files (x86)/atmel/studio/7.0/toolchain/avr8/avr8-gnu-toolchain/bin/../lib/gcc/avr/5.4.0/../../../../avr/lib/avr5\libm.a(fp_round.o)
                0x0000343e                __fp_round
 .text.avr-libc.fplib
                0x00003460       0x44 c:/program files (x86)/atmel/studio/7.0/toolchain/avr8/avr8-gnu-toolchain/bin/../lib/gcc/avr/5.4.0/../../../../avr/lib/avr5\libm.a(fp_split3.o)
                0x00003460                __fp_split3
                0x00003470                __fp_splitA
 .text.avr-libc.fplib
                0x000034a4        0xe c:/program files (x86)/atmel/studio/7.0/toolchain/avr8/avr8-gnu-toolchain/bin/../lib/gcc/avr/5.4.0/../../../../avr/lib/avr5\libm.a(fp_zero.o)
                0x000034a4                __fp_zero
                0x000034a6                __fp_szero
 .text.avr-libc.fplib
                0x000034b2        0xa c:/program files (x86)/atmel/studio/7.0/toolchain/avr8/avr8-gnu-toolchain/bin/../lib/gcc/avr/5.4.0/../../../../avr/lib/avr5\libm.a(gesf2.o)
                0x000034b2                __gesf2
                0x000034b2                __gtsf2
 .text.avr-libc.fplib
                0x000034bc       0x7a c:/program files (x86)/atmel/studio/7.0/toolchain/avr8/avr8-gnu-toolchain/bin/../lib/gcc/avr/5.4.0/../../../../avr/lib/avr5\libm.a(lrint.o)
                0x000034bc                lrint
 .text.avr-libc.fplib
                0x00003536        0x8 c:/program files (x86)/atmel/studio/7.0/toolchain/avr8/avr8-gnu-toolchain/bin/../lib/gcc/avr/5.4.0/../../../../avr/lib/avr5\libm.a(mulsf3.o)
                0x00003536                __mulsf3
 .text.avr-libc.fplib
                0x0000353e       0xd2 c:/program files (x86)/atmel/studio/7.0/toolchain/avr8/avr8-gnu-toolchain/bin/../lib/gcc/avr/5.4.0/../../../../avr/lib/avr5\libm.a(mulsf3x.o)
                0x0000355c                __mulsf3x
                0x00003562                __mulsf3_pse
 .text.avr-libc.fplib
                0x00003610       0xa0 c:/program files (x86)/atmel/studio/7.0/toolchain/avr8/avr8-gnu-toolchain/bin/../lib/gcc/avr/5.4.0/../../../../avr/lib/avr5\libm.a(pow.o)
                0x00003610                pow
 .text.avr-libc.fplib
                0x000036b0       0x74 c:/program files (x86)/atmel/studio/7.0/toolchain/avr8/avr8-gnu-toolchain/bin/../lib/gcc/avr/5.4.0/../../../../avr/lib/avr5\libm.a(exp.o)
                0x000036c0                exp
 .text.avr-libc.fplib
                0x00003724       0x4e c:/program files (x86)/atmel/studio/7.0/toolchain/avr8/avr8-gnu-toolchain/bin/../lib/gcc/avr/5.4.0/../../../../avr/lib/avr5\libm.a(fp_powser.o)
                0x00003724                __fp_powser
 .text.avr-libc.fplib
                0x00003772       0x10 c:/program files (x86)/atmel/studio/7.0/toolchain/avr8/avr8-gnu-toolchain/bin/../lib/gcc/avr/5.4.0/../../../../avr/lib/avr5\libm.a(inverse.o)
                0x00003772                inverse
 .text.avr-libc.fplib
                0x00003782       0x74 c:/program files (x86)/atmel/studio/7.0/toolchain/avr8/avr8-gnu-toolchain/bin/../lib/gcc/avr/5.4.0/../../../../avr/lib/avr5\libm.a(ldexp.o)
                0x0000378a                ldexp
 .text.avr-libc.fplib
                0x000037f6       0xa0 c:/program files (x86)/atmel/studio/7.0/toolchain/avr8/avr8-gnu-toolchain/bin/../lib/gcc/avr/5.4.0/../../../../avr/lib/avr5\libm.a(log.o)
                0x00003806                log
 .text.avr-libc.fplib
                0x00003896       0x68 c:/program files (x86)/atmel/studio/7.0/toolchain/avr8/avr8-gnu-toolchain/bin/../lib/gcc/avr/5.4.0/../../../../avr/lib/avr5\libm.a(modf.o)
                0x00003896                modf
                0x00003896                modff
 .text.avr-libc.fplib
                0x000038fe       0x1c c:/program files (x86)/atmel/studio/7.0/toolchain/avr8/avr8-gnu-toolchain/bin/../lib/gcc/avr/5.4.0/../../../../avr/lib/avr5\libm.a(fp_mpack.o)
                0x000038fe                __fp_mpack
                0x00003902                __fp_mpack_finite
 .text.libgcc.mul
                0x0000391a       0x20 c:/program files (x86)/atmel/studio/7.0/toolchain/avr8/avr8-gnu-toolchain/bin/../lib/gcc/avr/5.4.0/avr5\libgcc.a(_mulsi3.o)
                0x0000391a                __mulsi3
 .text.libgcc.div
                0x0000393a       0x44 c:/program files (x86)/atmel/studio/7.0/toolchain/avr8/avr8-gnu-toolchain/bin/../lib/gcc/avr/5.4.0/avr5\libgcc.a(_udivmodsi4.o)
                0x0000393a                __udivmodsi4
 .text.libgcc.mul
                0x0000397e       0x16 c:/program files (x86)/atmel/studio/7.0/toolchain/avr8/avr8-gnu-toolchain/bin/../lib/gcc/avr/5.4.0/avr5\libgcc.a(_muluhisi3.o)
                0x0000397e                __muluhisi3
 .text.libgcc.prologue
                0x00003994       0x38 c:/program files (x86)/atmel/studio/7.0/toolchain/avr8/avr8-gnu-toolchain/bin/../lib/gcc/avr/5.4.0/avr5\libgcc.a(_prologue.o)
                0x00003994                __prologue_saves__
 .text.libgcc.prologue
                0x000039cc       0x36 c:/program files (x86)/atmel/studio/7.0/toolchain/avr8/avr8-gnu-toolchain/bin/../lib/gcc/avr/5.4.0/avr5\libgcc.a(_epilogue.o)
                0x000039cc                __epilogue_restores__
 .text.libgcc.mul
                0x00003a02       0x1e c:/program files (x86)/atmel/studio/7.0/toolchain/avr8/avr8-gnu-toolchain/bin/../lib/gcc/avr/5.4.0/avr5\libgcc.a(_umulhisi3.o)
                0x00003a02                __umulhisi3
 .text.avr-libc
                0x00003a20      0x242 c:/program files (x86)/atmel/studio/7.0/toolchain/avr8/avr8-gnu-toolchain/bin/../lib/gcc/avr/5.4.0/../../../../avr/lib/avr5\libc.a(malloc.o)
                0x00003a20                malloc
                0x00003b50                free
 .text.avr-libc
                0x00003c62      0x1b0 c:/program files (x86)/atmel/studio/7.0/toolchain/avr8/avr8-gnu-toolchain/bin/../lib/gcc/avr/5.4.0/../../../../avr/lib/avr5\libc.a(ftoa_engine.o)
                0x00003c62                __ftoa_engine
 .text.avr-libc
                0x00003e12       0x16 c:/program files (x86)/atmel/studio/7.0/toolchain/avr8/avr8-gnu-toolchain/bin/../lib/gcc/avr/5.4.0/../../../../avr/lib/avr5\libc.a(strnlen_P.o)
                0x00003e12                strnlen_P
 .text.avr-libc
                0x00003e28       0x16 c:/program files (x86)/atmel/studio/7.0/toolchain/avr8/avr8-gnu-toolchain/bin/../lib/gcc/avr/5.4.0/../../../../avr/lib/avr5\libc.a(strnlen.o)
                0x00003e28                strnlen
 .text.avr-libc
                0x00003e3e       0x78 c:/program files (x86)/atmel/studio/7.0/toolchain/avr8/avr8-gnu-toolchain/bin/../lib/gcc/avr/5.4.0/../../../../avr/lib/avr5\libc.a(fputc.o)
                0x00003e3e                fputc
 .text.avr-libc
                0x00003eb6       0x60 c:/program files (x86)/atmel/studio/7.0/toolchain/avr8/avr8-gnu-toolchain/bin/../lib/gcc/avr/5.4.0/../../../../avr/lib/avr5\libc.a(puts.o)
                0x00003eb6                puts
 .text.avr-libc
                0x00003f16       0xbc c:/program files (x86)/atmel/studio/7.0/toolchain/avr8/avr8-gnu-toolchain/bin/../lib/gcc/avr/5.4.0/../../../../avr/lib/avr5\libc.a(ultoa_invert.o)
                0x00003f16                __ultoa_invert
                0x00003fd2                . = ALIGN (0x2)
 *(.fini9)
 .fini9         0x00003fd2        0x0 c:/program files (x86)/atmel/studio/7.0/toolchain/avr8/avr8-gnu-toolchain/bin/../lib/gcc/avr/5.4.0/avr5\libgcc.a(_exit.o)
                0x00003fd2                _exit
                0x00003fd2                exit
 *(.fini9)
 *(.fini8)
 *(.fini8)
 *(.fini7)
 *(.fini7)
 *(.fini6)
 *(.fini6)
 *(.fini5)
 *(.fini5)
 *(.fini4)
 *(.fini4)
 *(.fini3)
 *(.fini3)
 *(.fini2)
 *(.fini2)
 *(.fini1)
 *(.fini1)
 *(.fini0)
 .fini0         0x00003fd2        0x4 c:/program files (x86)/atmel/studio/7.0/toolchain/avr8/avr8-gnu-toolchain/bin/../lib/gcc/avr/5.4.0/avr5\libgcc.a(_exit.o)
 *(.fini0)
                0x00003fd6                _etext = .

.data           0x00800100       0x9e load address 0x00003fd6
                0x00800100                PROVIDE (__data_start, .)
 *(.data)
 .data          0x00800100        0x1 ../../../../../../../Downloads/capi324v22x-v2.06.000R\libcapi324v22x.a(ADC_set_channel.o)
 .data          0x00800101        0xe ../../../../../../../Downloads/capi324v22x-v2.06.000R\libcapi324v22x.a(LCD_globals.o)
                0x00800101                LCD_stdout
 .data          0x0080010f        0x8 ../../../../../../../Downloads/capi324v22x-v2.06.000R\libcapi324v22x.a(STEPPER_globals.o)
                0x0080010f                Motor_L_LUT
                0x00800113                Motor_R_LUT
 .data          0x00800117        0x6 c:/program files (x86)/atmel/studio/7.0/toolchain/avr8/avr8-gnu-toolchain/bin/../lib/gcc/avr/5.4.0/../../../../avr/lib/avr5\libc.a(malloc.o)
                0x00800117                __malloc_heap_end
                0x00800119                __malloc_heap_start
                0x0080011b                __malloc_margin
 *(.data*)
 *(.gnu.linkonce.d*)
 *(.rodata)
 *(.rodata*)
 .rodata.str1.1
                0x0080011d       0x80 main.o
 *(.gnu.linkonce.r*)
                0x0080019e                . = ALIGN (0x2)
 *fill*         0x0080019d        0x1 
                0x0080019e                _edata = .
                0x0080019e                PROVIDE (__data_end, .)

.bss            0x0080019e      0x10b
                0x0080019e                PROVIDE (__bss_start, .)
 *(.bss)
 .bss           0x0080019e       0x1c main.o
                0x0080019e                last_error
                0x008001a2                integral
 .bss           0x008001ba       0x40 ../../../../../../../Downloads/capi324v22x-v2.06.000R\libcapi324v22x.a(ISR_globals.o)
                0x008001ba                CBOT_ISR_vtable
 .bss           0x008001fa       0x10 ../../../../../../../Downloads/capi324v22x-v2.06.000R\libcapi324v22x.a(SPI_globals.o)
                0x008001fa                spi_config_func_LUT
 .bss           0x0080020a       0x10 ../../../../../../../Downloads/capi324v22x-v2.06.000R\libcapi324v22x.a(SPKR_globals.o)
                0x0080020a                tone_mode_active
                0x0080020b                beep_mode_active
                0x0080020c                spkr_accum32
                0x00800210                spkr_freq
                0x00800214                beep_accum16
                0x00800216                beep_freq
                0x00800218                p_Freq_LUT
 .bss           0x0080021a        0x2 ../../../../../../../Downloads/capi324v22x-v2.06.000R\libcapi324v22x.a(TMRSRVC_globals.o)
                0x0080021a                timer_busy_status
                0x0080021b                timer_run_status
 .bss           0x0080021c        0x1 ../../../../../../../Downloads/capi324v22x-v2.06.000R\libcapi324v22x.a(STEPPER_process_run_mode.o)
 .bss           0x0080021d        0x4 ../../../../../../../Downloads/capi324v22x-v2.06.000R\libcapi324v22x.a(STEPPER_process_pwm.o)
 *(.bss*)
 *(COMMON)
 COMMON         0x00800221        0x9 main.o
                0x00800221                action
 COMMON         0x0080022a       0x15 ../../../../../../../Downloads/capi324v22x-v2.06.000R\libcapi324v22x.a(SYS_globals.o)
                0x0080022a                CBOT_SYSTEM_refcount
 COMMON         0x0080023f        0x5 ../../../../../../../Downloads/capi324v22x-v2.06.000R\libcapi324v22x.a(LCD_globals.o)
                0x0080023f                LCD_params
 COMMON         0x00800244        0x1 ../../../../../../../Downloads/capi324v22x-v2.06.000R\libcapi324v22x.a(SPI_globals.o)
                0x00800244                curr_spi_addr
 COMMON         0x00800245       0x39 ../../../../../../../Downloads/capi324v22x-v2.06.000R\libcapi324v22x.a(STEPPER_globals.o)
                0x00800245                STEPPER_params
                0x0080027c                step_done
 COMMON         0x0080027e       0x1e ../../../../../../../Downloads/capi324v22x-v2.06.000R\libcapi324v22x.a(ATTINY_globals.o)
                0x0080027e                ATTINY_params
 COMMON         0x0080029c        0x3 ../../../../../../../Downloads/capi324v22x-v2.06.000R\libcapi324v22x.a(TMRSRVC_globals.o)
                0x0080029c                tmrNodes
 COMMON         0x0080029f        0x4 c:/program files (x86)/atmel/studio/7.0/toolchain/avr8/avr8-gnu-toolchain/bin/../lib/gcc/avr/5.4.0/../../../../avr/lib/avr5\libc.a(malloc.o)
                0x0080029f                __brkval
                0x008002a1                __flp
 COMMON         0x008002a3        0x6 c:/program files (x86)/atmel/studio/7.0/toolchain/avr8/avr8-gnu-toolchain/bin/../lib/gcc/avr/5.4.0/../../../../avr/lib/avr5\libc.a(iob.o)
                0x008002a3                __iob
                0x008002a9                PROVIDE (__bss_end, .)
                0x00003fd6                __data_load_start = LOADADDR (.data)
                0x00004074                __data_load_end = (__data_load_start + SIZEOF (.data))

.noinit         0x008002a9        0x0
                [!provide]                PROVIDE (__noinit_start, .)
 *(.noinit*)
                [!provide]                PROVIDE (__noinit_end, .)
                0x008002a9                _end = .
                0x008002a9                PROVIDE (__heap_start, .)

.eeprom         0x00810000        0x0
 *(.eeprom*)
                0x00810000                __eeprom_end = .

.fuse
 *(.fuse)
 *(.lfuse)
 *(.hfuse)
 *(.efuse)

.lock
 *(.lock*)

.signature
 *(.signature*)

.user_signatures
 *(.user_signatures*)

.stab
 *(.stab)

.stabstr
 *(.stabstr)

.stab.excl
 *(.stab.excl)

.stab.exclstr
 *(.stab.exclstr)

.stab.index
 *(.stab.index)

.stab.indexstr
 *(.stab.indexstr)

.comment        0x00000000       0x5c
 *(.comment)
 .comment       0x00000000       0x30 main.o
                                 0x31 (size before relaxing)
 .comment       0x00000030       0x2c c:/program files (x86)/atmel/studio/7.0/toolchain/avr8/avr8-gnu-toolchain/bin/../lib/gcc/avr/5.4.0/../../../../avr/lib/avr5\libprintf_flt.a(vfprintf_flt.o)
                                 0x2d (size before relaxing)
 .comment       0x0000005c       0x31 c:/program files (x86)/atmel/studio/7.0/toolchain/avr8/avr8-gnu-toolchain/bin/../lib/gcc/avr/5.4.0/../../../../avr/lib/avr5\libc.a(malloc.o)
 .comment       0x0000005c       0x31 c:/program files (x86)/atmel/studio/7.0/toolchain/avr8/avr8-gnu-toolchain/bin/../lib/gcc/avr/5.4.0/../../../../avr/lib/avr5\libc.a(fputc.o)
 .comment       0x0000005c       0x31 c:/program files (x86)/atmel/studio/7.0/toolchain/avr8/avr8-gnu-toolchain/bin/../lib/gcc/avr/5.4.0/../../../../avr/lib/avr5\libc.a(iob.o)
 .comment       0x0000005c       0x31 c:/program files (x86)/atmel/studio/7.0/toolchain/avr8/avr8-gnu-toolchain/bin/../lib/gcc/avr/5.4.0/../../../../avr/lib/avr5\libc.a(puts.o)

.note.gnu.avr.deviceinfo
                0x00000000       0x40
 .note.gnu.avr.deviceinfo
                0x00000000       0x40 C:/Program Files (x86)/Atmel/Studio/7.0/Packs/atmel/ATmega_DFP/1.3.300/gcc/dev/atmega324p/avr5/crtatmega324p.o

.note.gnu.build-id
 *(.note.gnu.build-id)

.debug
 *(.debug)

.line
 *(.line)

.debug_srcinfo
 *(.debug_srcinfo)

.debug_sfnames
 *(.debug_sfnames)

.debug_aranges
 *(.debug_aranges)

.debug_pubnames
 *(.debug_pubnames)

.debug_info     0x00000000      0x6cc
 *(.debug_info .gnu.linkonce.wi.*)
 .debug_info    0x00000000      0x6cc C:/Program Files (x86)/Atmel/Studio/7.0/Packs/atmel/ATmega_DFP/1.3.300/gcc/dev/atmega324p/avr5/crtatmega324p.o

.debug_abbrev   0x00000000      0x66e
 *(.debug_abbrev)
 .debug_abbrev  0x00000000      0x66e C:/Program Files (x86)/Atmel/Studio/7.0/Packs/atmel/ATmega_DFP/1.3.300/gcc/dev/atmega324p/avr5/crtatmega324p.o

.debug_line     0x00000000      0x151
 *(.debug_line .debug_line.* .debug_line_end)
 .debug_line    0x00000000      0x151 C:/Program Files (x86)/Atmel/Studio/7.0/Packs/atmel/ATmega_DFP/1.3.300/gcc/dev/atmega324p/avr5/crtatmega324p.o

.debug_frame
 *(.debug_frame)

.debug_str      0x00000000      0x255
 *(.debug_str)
 .debug_str     0x00000000      0x255 C:/Program Files (x86)/Atmel/Studio/7.0/Packs/atmel/ATmega_DFP/1.3.300/gcc/dev/atmega324p/avr5/crtatmega324p.o

.debug_loc
 *(.debug_loc)

.debug_macinfo
 *(.debug_macinfo)

.debug_weaknames
 *(.debug_weaknames)

.debug_funcnames
 *(.debug_funcnames)

.debug_typenames
 *(.debug_typenames)

.debug_varnames
 *(.debug_varnames)

.debug_pubtypes
 *(.debug_pubtypes)

.debug_ranges
 *(.debug_ranges)

.debug_macro
 *(.debug_macro)
OUTPUT(lneFollow.elf elf32-avr)
LOAD linker stubs
